// Jest Snapshot v1, https://goo.gl/fbAQLP

exports[`Prueba del comoponente <HookApp /> debe de ejecutarse correctamente en el tiempo dicho componente 1`] = `
<div>
  <h1>
     Hello World 
  </h1>
</div>
`;
